Building project... go build ./...
