Running test suite... timeout 120 go test ./pkg/... -v
